#-----------------------------------------------------------
# Vivado v2015.1 (64-bit)
# SW Build 1215546 on Mon Apr 27 19:22:08 MDT 2015
# IP Build 1209967 on Tue Apr 21 11:39:20 MDT 2015
# Start of session at: Tue Dec 28 18:44:32 2021
# Process ID: 11532
# Log file: F:/Xilinx/Vivado_code/Question_1/Fuction_1/vivado.log
# Journal file: F:/Xilinx/Vivado_code/Question_1/Fuction_1\vivado.jou
#-----------------------------------------------------------
start_gui
open_project F:/Xilinx/Vivado_code/Question_1/Fuction_1/Fuction_1.xpr
synth_design -rtl -name rtl_1
reset_run synth_1
launch_runs synth_1
wait_on_run synth_1
close_design
open_run synth_1 -name synth_1
launch_runs impl_1
wait_on_run impl_1
close_design
open_run impl_1
# Disabling source management mode.  This is to allow the top design properties to be set without GUI intervention.
set_property source_mgmt_mode None [current_project]
set_property top Fuction1_tb [get_filesets sim_1]
set_property top_lib xil_defaultlib [get_filesets sim_1]
# Re-enabling previously disabled source management mode.
set_property source_mgmt_mode All [current_project]
# Disabling source management mode.  This is to allow the top design properties to be set without GUI intervention.
set_property source_mgmt_mode None [current_project]
set_property top Fuction1_tb [current_fileset]
# Re-enabling previously disabled source management mode.
set_property source_mgmt_mode All [current_project]
update_compile_order -fileset sources_1
launch_simulation
source Fuction1_tb.tcl
close_sim
# Disabling source management mode.  This is to allow the top design properties to be set without GUI intervention.
set_property source_mgmt_mode None [current_project]
set_property top Fuction1 [current_fileset]
# Re-enabling previously disabled source management mode.
set_property source_mgmt_mode All [current_project]
update_compile_order -fileset sources_1
close_design
synth_design -rtl -name rtl_1
reset_run synth_1
launch_runs synth_1
wait_on_run synth_1
close_design
open_run synth_1 -name synth_1
